generalized_mass_matrix
    130.8         0         0         0   -5.4686         0         0  -19.8655         0      -3.8     -0.38         0   -1.2728         0         0   -0.4764         0     -0.04         0         0         0         0      -3.8     -0.38         0   -1.2728         0         0   -0.4764         0     -0.04         0   13.3844         0         0
        0     130.8         0    5.4686         0     4.134   19.8655         0     0.314         0         0      0.38    1.2328         0         0         0     -0.04         0      0.04         0         0         0         0         0      0.38    1.2328         0         0         0     -0.04         0      0.04         0  -13.9844      0.52
        0         0     130.8         0    -4.134         0         0    -0.314         0    -0.157    -0.157         0     -0.26         0         0      0.04         0      0.04         0         0         0         0    -0.157    -0.157         0     -0.26         0         0      0.04         0      0.04         0     -3.82         0         0
        0    5.4686         0   47.9039         0 -0.629801    24.395         0  0.417999   0.01413   0.01413   1.32433   6.18819         0         0   -0.0084   -0.0064   -0.0084    1.0104         0         0         0  -0.01413  -0.01413   1.32433   6.07899         0         0    0.0084   -0.0064    0.0084    1.0104         0    20.989   -0.2228
  -5.4686         0    -4.134         0   47.6109         0         0   22.6574         0   5.87851   2.52954         0   7.17399         0         0   4.09776         0    2.0144         0         0         0         0   5.87851   2.52954         0   7.17399         0         0   4.09776         0    2.0144         0   21.9155         0         0
        0     4.134         0 -0.629801         0   31.9759  0.417999         0   8.46346    -0.342   -0.0342    0.1064   4.71631         0         0 -0.100044     3.004   -0.0084         0         0         0         0     0.342    0.0342    0.1064   5.25089         0         0  0.100044     3.004    0.0084         0         0   -1.0478   15.6325
        0         0         0         0         0         0   24.3133         0  0.417999         0         0   1.32433         0         0         0         0         0         0         0         0         0         0         0         0   1.32433         0         0         0         0         0         0         0         0         0         0
        0         0         0         0         0         0         0   22.6574         0   5.87851   2.52954         0         0         0         0         0         0         0         0         0         0         0   5.87851   2.52954         0         0         0         0         0         0         0         0         0         0         0
        0         0         0         0         0         0         0         0   8.42674         0         0    0.1064         0         0         0         0         0         0         0         0         0         0         0         0    0.1064         0         0         0         0         0         0         0         0         0         0
        0         0         0         0         0         0         0         0         0   4.53521   2.39521         0         0         0         0         0         0         0         0         0         0         0         0         0         0         0         0         0         0         0         0         0         0         0         0
        0         0         0         0         0         0         0         0         0         0   2.28121         0         0         0         0         0         0         0         0         0         0         0         0         0         0         0         0         0         0         0         0         0         0         0         0
        0         0         0         0         0         0         0         0         0         0         0     1.076         0         0         0         0         0         0         0         0         0         0         0         0         0         0         0         0         0         0         0         0         0         0         0
        0         0         0         0         0         0         0         0         0         0         0         0   19.1681         0         0    4.2645    2.9836    2.0284    1.0244         0         0         0         0         0         0         0         0         0         0         0         0         0   7.17399   6.18819   4.71631
        0         0         0         0         0         0         0         0         0         0         0         0         0         0         0         0         0         0         0         0         0         0         0         0         0         0         0         0         0         0         0         0         0         0         0
        0         0         0         0         0         0         0         0         0         0         0         0         0         0         0         0         0         0         0         0         0         0         0         0         0         0         0         0         0         0         0         0         0         0         0
        0         0         0         0         0         0         0         0         0         0         0         0         0         0         0   4.13921         0   2.01788         0         0         0         0         0         0         0         0         0         0         0         0         0         0   4.09776   -0.0084 -0.100044
        0         0         0         0         0         0         0         0         0         0         0         0         0         0         0         0     3.004         0         0         0         0         0         0         0         0         0         0         0         0         0         0         0         0   -0.0064     3.004
        0         0         0         0         0         0         0         0         0         0         0         0         0         0         0         0         0     2.008         0         0         0         0         0         0         0         0         0         0         0         0         0         0    2.0144   -0.0084   -0.0084
        0         0         0         0         0         0         0         0         0         0         0         0         0         0         0         0         0         0     1.004         0         0         0         0         0         0         0         0         0         0         0         0         0         0    1.0104         0
        0         0         0         0         0         0         0         0         0         0         0         0         0         0         0         0         0         0         0         0         0         0         0         0         0         0         0         0         0         0         0         0         0         0         0
        0         0         0         0         0         0         0         0         0         0         0         0         0         0         0         0         0         0         0         0         0         0         0         0         0         0         0         0         0         0         0         0         0         0         0
        0         0         0         0         0         0         0         0         0         0         0         0         0         0         0         0         0         0         0         0         0         0         0         0         0         0         0         0         0         0         0         0         0         0         0
        0         0         0         0         0         0         0         0         0         0         0         0         0         0         0         0         0         0         0         0         0         0   4.53521   2.39521         0         0         0         0         0         0         0         0         0         0         0
        0         0         0         0         0         0         0         0         0         0         0         0         0         0         0         0         0         0         0         0         0         0         0   2.28121         0         0         0         0         0         0         0         0         0         0         0
        0         0         0         0         0         0         0         0         0         0         0         0         0         0         0         0         0         0         0         0         0         0         0         0     1.076         0         0         0         0         0         0         0         0         0         0
        0         0         0         0         0         0         0         0         0         0         0         0         0         0         0         0         0         0         0         0         0         0         0         0         0   19.1681         0         0    4.2645    2.9836    2.0284    1.0244   7.17399   6.07899   5.25089
        0         0         0         0         0         0         0         0         0         0         0         0         0         0         0         0         0         0         0         0         0         0         0         0         0         0         0         0         0         0         0         0         0         0         0
        0         0         0         0         0         0         0         0         0         0         0         0         0         0         0         0         0         0         0         0         0         0         0         0         0         0         0         0         0         0         0         0         0         0         0
        0         0         0         0         0         0         0         0         0         0         0         0         0         0         0         0         0         0         0         0         0         0         0         0         0         0         0         0   4.13921         0   2.01788         0   4.09776    0.0084  0.100044
        0         0         0         0         0         0         0         0         0         0         0         0         0         0         0         0         0         0         0         0         0         0         0         0         0         0         0         0         0     3.004         0         0         0   -0.0064     3.004
        0         0         0         0         0         0         0         0         0         0         0         0         0         0         0         0         0         0         0         0         0         0         0         0         0         0         0         0         0         0     2.008         0    2.0144    0.0084    0.0084
        0         0         0         0         0         0         0         0         0         0         0         0         0         0         0         0         0         0         0         0         0         0         0         0         0         0         0         0         0         0         0     1.004         0    1.0104         0
        0         0         0         0         0         0         0         0         0         0         0         0         0         0         0         0         0         0         0         0         0         0         0         0         0         0         0         0         0         0         0         0   21.9155         0         0
        0         0         0         0         0         0         0         0         0         0         0         0         0         0         0         0         0         0         0         0         0         0         0         0         0         0         0         0         0         0         0         0         0    20.989   -0.2228
        0         0         0         0         0         0         0         0         0         0         0         0         0         0         0         0         0         0         0         0         0         0         0         0         0         0         0         0         0         0         0         0         0         0   15.6325
